// Jest Snapshot v1, https://goo.gl/fbAQLP

exports[`pruebas en el Componente <GifExpertApp /> debe hacer match con el snapshot 1`] = `
<div>
  <h1>
    GifExpert App
  </h1>
  <form
    aria-label="form"
  >
    <input
      placeholder="Buscar Gifs"
      type="text"
      value=""
    />
  </form>
  <h4>
    One Punch
  </h4>
  <h2>
    Cargando...
  </h2>
  <ol
    class="card-grid"
  />
</div>
`;
