// Jest Snapshot v1, https://goo.gl/fbAQLP

exports[`Pruebas en <GifItem /> debe hacer match con el Snapshot 1`] = `
<div>
  <li
    class="card"
  >
    <p>
      Saitama
    </p>
    <img
      alt="Saitama"
      src="https://one-punch.com/saitama.jpg"
    />
  </li>
</div>
`;
